Target folder: D:\Dev\Flowcode V11\Examples\Templates\Motors and microcontrollers\ESP32S3
Source name:   D:\Dev\Flowcode V11\Examples\Templates\Motors and microcontrollers\ESP32S3\Servo - ESP.fcfx
Title:         Servo - ArdMega
Description:   
Device:        ESP.ESP32.E-Blocks3 ESP32S3 Programmer
Generated by:  Flowcode v11.0.0.8
Date:          Wednesday, January 07, 2026 12:54:56
Users:         1
Registered to: BenR (82702381)
Licence key: 95CJQR
https://www.flowcode.co.uk
Using FCD settings for compiler
Launching the compiler...
C:\ProgramData\MatrixTSL\FlowcodeV11\FCD\ESP\Batch\esp32_build.bat  "C:\FC_ESP\\\" "Servo - ESP" "D:\Dev\Flowcode V11\Examples\Templates\Motors and microcontrollers\ESP32S3\" esp32_s3_sdkconfig  esp32s3 

D:\Dev\Flowcode V11\Examples\Templates\Motors and microcontrollers\ESP32S3>REM CRC: 0796FC1E6A776AF9156B257209C35258CE7C28B3EC20AEA2C632DB392A0E4BFD5B3F53B21811978F7B21FE4085045A7E774D1D3D69D8A99EE7320EAE740A5DB60228F42835EF5B88138FDEE58A4EE9C3A4BAF1B34E38B68E0C3CAEE8E7DA6987B808018476405B65B199900461C78937B42DEF8219F63A24580137A2F6C8FDB7553324EFF791947E8AB6FFD612B81BAA97C798A8F1CFC189DE5D38517747C774AF2DD6F839BAECF83F7F994C7164CE77868F480396BDEF2F2C3050DA273BE4EE69F15C302679453617F9EA00A6A8712D05E485F25DB02304E4565E63FDA312627DD474674123A97D 

D:\Dev\Flowcode V11\Examples\Templates\Motors and microcontrollers\ESP32S3>REM REVISION: 15.0 

D:\Dev\Flowcode V11\Examples\Templates\Motors and microcontrollers\ESP32S3>REM GUID: 955EA920-4961-4C53-BA6B-EF4AF66BB4C2 

D:\Dev\Flowcode V11\Examples\Templates\Motors and microcontrollers\ESP32S3>REM DATE: 07\04\2025 

D:\Dev\Flowcode V11\Examples\Templates\Motors and microcontrollers\ESP32S3>REM DIR: FCD\ESP\Batch\esp32_build.bat 
Creating python config file 
Creating menuconfig link file 
.
============================== Toolchain Check ==============================
Python 3.11.2
git version 2.44.0.windows.1
ESP toolchain found at "C:\FC_ESP\\frameworks\esp-idf-v5.3.1\"
=============================================================================
.
Building: Servo - ESP ...
fatal: not a git repository (or any of the parent directories): .git
IDF Version:  ...
Checking Python compatibility
Setting IDF_PATH: C:\FC_ESP\frameworks\esp-idf-v5.3.1

Adding ESP-IDF tools to PATH...
Not using an unsupported version of tool cmake found in PATH: 3.20.5.
WARNING: The following issue occurred while accessing the ESP-IDF version file in the Python environment: [Errno 2] No such file or directory: 'C:\\FC_ESP\\\\esp-tools\\python_env\\idf5.3_py3.11_env\\idf_version.txt'. (Diagnostic information. It can be ignored.)
    C:\FC_ESP\\esp-tools\tools\xtensa-esp-elf-gdb\14.2_20240403\xtensa-esp-elf-gdb\bin
    C:\FC_ESP\\esp-tools\tools\riscv32-esp-elf-gdb\14.2_20240403\riscv32-esp-elf-gdb\bin
    C:\FC_ESP\\esp-tools\tools\xtensa-esp-elf\esp-13.2.0_20240530\xtensa-esp-elf\bin
    C:\FC_ESP\\esp-tools\tools\riscv32-esp-elf\esp-13.2.0_20240530\riscv32-esp-elf\bin
    C:\FC_ESP\\esp-tools\tools\esp32ulp-elf\2.38_20240113\esp32ulp-elf\bin
    C:\FC_ESP\\esp-tools\tools\cmake\3.24.0\bin
    C:\FC_ESP\\esp-tools\tools\openocd-esp32\v0.12.0-esp32-20240318\openocd-esp32\bin
    C:\FC_ESP\\esp-tools\tools\ninja\1.11.1\
    C:\FC_ESP\\esp-tools\tools\idf-exe\1.0.3\
    C:\FC_ESP\\esp-tools\tools\ccache\4.8\ccache-4.8-windows-x86_64
    C:\FC_ESP\\esp-tools\tools\dfu-util\0.11\dfu-util-0.11-win64
    C:\FC_ESP\frameworks\esp-idf-v5.3.1\tools
    
Checking if Python packages are up to date...
Python requirements are satisfied.
Constraint file: C:\FC_ESP\\esp-tools\espidf.constraints.v5.3.txt
Requirement files:
 - C:\FC_ESP\frameworks\esp-idf-v5.3.1\tools\requirements\requirements.core.txt
Python being checked: C:\FC_ESP\\esp-tools\python_env\idf5.3_py3.11_env\Scripts\python.exe

Done! You can now compile ESP-IDF projects.
Go to the project directory and run:

  idf.py build

Target: esp32s3 ...
WARNING: Python interpreter "C:\FC_ESP\esp-tools\python_env\idf5.3_py3.11_env\Scripts\python.exe" used to start idf.py is not from installed venv "C:\FC_ESP\\esp-tools\python_env\idf5.3_py3.11_env"
. . .

[1/9] Performing build step for 'bootloader'
[1/1] cmd.exe /C "cd /D C:\FC_ESP\mtxesp32_s3_sdkconfig\build\bootloader\esp-idf\esptool_py && C:\FC_ESP\esp-tools\python_env\idf5.3_py3.11_env\Scripts\python.exe C:/FC_ESP/frameworks/esp-idf-v5.3.1/components/partition_table/check_sizes.py --offset 0x8000 bootloader 0x0 C:/FC_ESP/mtxesp32_s3_sdkconfig/build/bootloader/bootloader.bin"
Bootloader binary size 0x5260 bytes. 0x2da0 bytes (36%) free.
[2/7] Building C object esp-idf/main/CMakeFiles/__idf_main.dir/esp-project.c.obj
In file included from C:\ProgramData\MatrixTSL\FlowcodeV11\CAL\includes.c:85,
                 from D:\Dev\Flowcode V11\Examples\Templates\Motors and microcontrollers\ESP32S3\Servo - ESP.h:509,
                 from C:/FC_ESP/mtxesp32_s3_sdkconfig/main/esp-project.c:20:
C:\ProgramData\MatrixTSL\FlowcodeV11\CAL\ESP\ESP_CAL_ADC.c: In function 'FC_CAL_ADC_Enable_1':
C:\ProgramData\MatrixTSL\FlowcodeV11\CAL\ESP\ESP_CAL_ADC.c:110:25: warning: 'ADC_ATTEN_DB_11' is deprecated [-Wdeprecated-declarations]
  110 |                         };
      |                         ^
In file included from C:/FC_ESP/frameworks/esp-idf-v5.3.1/components/esp_adc/include/esp_adc/adc_oneshot.h:12,
                 from C:\ProgramData\MatrixTSL\FlowcodeV11\CAL\ESP\ESP_CAL_ADC.c:69:
C:/FC_ESP/frameworks/esp-idf-v5.3.1/components/hal/include/hal/adc_types.h:51:5: note: declared here
   51 |     ADC_ATTEN_DB_11 __attribute__((deprecated)) = ADC_ATTEN_DB_12,  ///<This is deprecated, it behaves the same as `ADC_ATTEN_DB_12`
. . . . . . . . . . . . .

      |     ^~~~~~~~~~~~~~~
C:/FC_ESP/mtxesp32_s3_sdkconfig/main/esp-project.c: In function 'Servo_Macro_Dummy2':
C:/FC_ESP/mtxesp32_s3_sdkconfig/main/esp-project.c:4199:22: warning: comparison is always false due to limited range of data type [-Wtype-limits]
[3/7] Linking C static library esp-idf\main\libmain.a
[4/7] Generating ld/sections.ld
[5/7] Linking CXX executable esp-project.elf
[6/7] Generating binary image from built executable
esptool.py v4.8.dev5
Creating esp32s3 image...
Merged 2 ELF sectio
ns
Successfully created esp32s3 image.
Generated C:/FC_ESP/mtxesp32_s3_sdkconfig/build/esp-project.bin
[7/7] cmd.exe /C "cd /D C:\FC_ESP\mtxesp32_s3_sdkconfig\build\esp-idf\esptool_py && C:\FC_ESP\esp-tools\python_env\idf5.3_py3.11_env\Scripts\python.exe C:/FC_ESP/frameworks/esp-idf-v5.3.1/components/partition_table/check_sizes.py --offset 0x8000 partition --type app C:/FC_ESP/mtxesp32_s3_sdkconfig/build/partition_table/partition-table.bin C:/FC_ESP/mtxesp32_s3_sdkconfig/build/esp-project.bin"
esp-project.bin binary size 0x3a3c0 bytes. Smallest app partition is 0x100000 bytes. 0xc5c40 bytes (77%) free.
Executing action: all (aliases: build)
Running ninja in directory C:\FC_ESP\mtxesp32_s3_sdkconfig\build
Executing "ninja all"...

Project build complete. To flash, run:
 idf.py flash
or
 idf.py -p PORT flash
or
 python -m esptool --chip esp32s3 -b 460800 --before default_reset --after hard_reset write_flash --flash_mode dio --flash_size 2MB --flash_freq 80m 0x0 build\bootloader\bootloader.bin 0x8000 build\partition_table\partition-table.bin 0x10000 build\esp-project.bin
or from the "C:\FC_ESP\mtxesp32_s3_sdkconfig\build" directory
 python -m esptool --chip esp32s3 -b 460800 --before default_reset --after hard_reset write_flash "@flash_args"

Get Project Build Statistics
WARNING: Python interpreter "C:\FC_ESP\esp-tools\python_env\idf5.3_py3.11_env\Scripts\python.exe" used to start idf.py is not from installed venv "C:\FC_ESP\\esp-tools\python_env\idf5.3_py3.11_env"
[1/4] cmd.exe /C "cd /D C:\FC_ESP\mtxesp32_s3_sdkconfig\build\esp-idf\esptool_py && C:\FC_ESP\esp-tools\python_env\idf5.3_py3.11_env\Scripts\python.exe C:/FC_ESP/frameworks/esp-idf-v5.3.1/components/partition_table/check_sizes.py --offset 0x8000 partition --type app C:/FC_ESP/mtxesp32_s3_sdkconfig/build/partition_table/partition-table.bin C:/FC_ESP/mtxesp32_s3_sdkconfig/build/esp-project.bin"
esp-project.bin binary size 0x3a3c0 bytes. Smallest app partition is 0x100000 bytes. 0xc5c40 bytes (77%) free.
[2/4] Performing build step for 'bootloader'
[1/1] cmd.exe /C "cd /D C:\FC_ESP\mtxesp32_s3_sdkconfig\build\bootloader\esp-idf\esptool_py && C:\FC_ESP\esp-tools\python_env\idf5.3_py3.11_env\Scripts\python.exe C:/FC_ESP/frameworks/esp-idf-v5.3.1/components/partition_table/check_sizes.py --offset 0x8000 bootloader 0x0 C:/FC_ESP/mtxesp32_s3_sdkconfig/build/bootloader/bootloader.bin"
Bootloader binary size 0x5260 bytes. 0x2da0 bytes (36%) free.
                            Memory Type Usage Summary                             
+--------------------------------------------------------------------------------+
| Memory Type/Section | Used [bytes] | Used [%] | Remain [bytes] | Total [bytes] |
|---------------------+--------------+----------+----------------+---------------|
| Flash Code          |       126190 |      1.5 |        8262386 |       8388576 |
|    .text            |       126190 |      1.5 |                |               |
| DIRAM               |        51868 |    15.18 |         289892 |        341760 |
|    .text            |        38007 |    11.12 |                |               |
|    .data            |        11316 |     3.31 |                |               |
|    .bss             |         2408 |      0.7 |                |               |
| Flash Data          |        46512 |     0.14 |       33507888 |      33554400 |
|    .rodata          |        46256 |     0.14 |                |               |
|    .appdesc         |          256 |      0.0 |                |               |
| IRAM                |        16383 |    99.99 |              1 |         16384 |
|    .text            |        15356 |    93.73 |                |               |
|    .vectors         |         1027 |     6.27 |                |               |
| RTC FAST            |          284 |     3.47 |           7908 |          8192 |
|    .rtc_reserved    |           24 |     0.29 |                |               |
|    .force_fast      |            4 |     0.05 |                |               |
+--------------------------------------------------------------------------------+
Total image size: 238412 bytes (.bin may be padded larger)
[0/1] cmd.exe /C "cd /D C:\FC_ESP\mtxesp32_s3_sdkconfig\build && C:\FC_ESP\esp-tools\tools\cmake\3.24.0\bin\cmake.exe -D IDF_SIZE_TOOL=C:/FC_ESP/esp-tools/python_env/idf5.3_py3.11_env/Scripts/python.exe;-m;esp_idf_size -D MAP_FILE=C:/FC_ESP/mtxesp32_s3_sdkconfig/build/esp-project.map -D OUTPUT_JSON= -P C:/FC_ESP/frameworks/esp-idf-v5.3.1/tools/cmake/run_size_tool.cmake"
Executing action: size
Running ninja in directory C:\FC_ESP\mtxesp32_s3_sdkconfig\build
Executing "ninja all"...
Running ninja in directory C:\FC_ESP\mtxesp32_s3_sdkconfig\build
Executing "ninja size"...
Build completed successfully 

Using FCD settings for linker
Launching the linker/assembler...
C:\Program Files (x86)\Flowcode v11\tools\DoNothing\DoNothing.exe  


FINISHED
