Target folder: D:\Dev\Flowcode V11\Components\IO_Source\outputs
Source name:   D:\Dev\Flowcode V11\Components\IO_Source\outputs\LED_WS2811.fcfx
Title:         
Description:   
Device:        PIC.16F.16F1937
Generated by:  Flowcode v11.0.0.8
Date:          Friday, January 16, 2026 10:41:23
Users:         1
Registered to: BenR (82702381)
Licence key: 95CJQR
https://www.flowcode.co.uk
Using <E-Blocks> inbuilt settings for compiler
Launching the compiler...
C:\ProgramData\MatrixTSL\FlowcodeV11\FCD\PIC\batch\pic_xc8_comp.bat  "D:\Dev\FlowcodeV9\Compilers\PICv2\picv2\\" 16F1937 "D:\Dev\Flowcode V11\Components\IO_Source\outputs\" "LED_WS2811"

D:\Dev\Flowcode V11\Components\IO_Source\outputs>REM CRC: 90CF26913586BBA787FE92D553771933222DCF72B25FEB4608E17FBD060500D8A6D7AF8357042D9E8B5C2E833010A32BE2214988CBC1BB00301ECF6745983589A9CE866D3EBD48DE4910375451077F45562AF2F62E9AB6760C3CAEE8E7DA6987B08235BD4F165DE350CACCEB0B5A8E521002EAF3D15174CD20633AD186EC562DBEEF6112EA5AA5CF5041CCE14E8D252BC416ECB8EC7761E4FD518969900F56C6C8F36CE7BEFFD91E73F563CBE7F64B8A69F01B3F3C0F45102C3050DA273BE4EE464087EABAE4073CCE8590A2034B265B899B535CCC0630944A53779878588293DF04F96FE36F6B2B 

D:\Dev\Flowcode V11\Components\IO_Source\outputs>REM REVISION: 5.0 

D:\Dev\Flowcode V11\Components\IO_Source\outputs>REM GUID: 50CB4B58-ED9C-4591-8D65-A87DE810E8CC 

D:\Dev\Flowcode V11\Components\IO_Source\outputs>REM DATE: 12\06\2025 

D:\Dev\Flowcode V11\Components\IO_Source\outputs>REM DIR: FCD\PIC\batch\pic_xc8_comp.bat 

D:\Dev\Flowcode V11\Components\IO_Source\outputs>"D:\Dev\FlowcodeV9\Compilers\PICv2\picv2\\bin\xc8.exe" --chip=16F1937 "LED_WS2811.c" --double=32 --float=32 --msgdisable=359,1273,1388  
D:\Dev\FlowcodeV9\Compilers\PICv2\picv2\pic\bin\picc --chip=16F1937 LED_WS2811.c --double=32 --float=32 --msgdisable=359,1273,1388
Microchip MPLAB XC8 C Compiler V2.10
Build date: Jul 30 2019
Part Support Version: 2.10
Copyright (C) 2019 Microchip Technology Inc.
D:\Dev\Flowcode V11\Components\IO_Source\outputs\LED_WS2811.h:
   159:	#warning WS2811 Timings are less than 10 instructions, timing may be incorrect at the current clock speed
	                                                                                                        ^ (162) #warning: WS2811 Timings are less than 10 instructions, timing may be incorrect at the current clock speed (warning)
LED_WS2811.c: FCM_Ev_AddVar()
  1198:	FCI_SHEAD(FCI_TMP_STR,(20), FCI_TOSTRS32(9, FCI_TMP_STR, (20)),20, FCI_TMP_STR,(20));
	               (357) illegal conversion of integer to pointer ^ (warning)
  1209:	FCI_SHEAD(FCI_TMP_STR,(20), FCI_TOSTRS32(9, FCI_TMP_STR, (20)),20, FCI_TMP_STR,(20));
	               (357) illegal conversion of integer to pointer ^ (warning)
LED_WS2811.c: FCM_Refresh()
  2172:	FCM_OutputHigh();
	^ (361) function declared implicit int (warning)
  2193:	FCM_Delay_T1H();
	^ (361) function declared implicit int (warning)
  2200:	FCM_OutputLow();
	^ (361) function declared implicit int (warning)
  2221:	FCM_Delay_T1L();
	^ (361) function declared implicit int (warning)
  2256:	FCM_Delay_T0H();
	^ (361) function declared implicit int (warning)
  2289:	FCM_Delay_T0L();
	^ (361) function declared implicit int (warning)
LED_WS2811.c: FCM_Ev_AddHeader()
  3742:	FCI_SHEAD(FCI_TMP_STR,(20), FCI_FLOAT_TO_STRING(1.200000, 6, FCI_TMP_STR, (20));,20, FCI_TMP_STR,(20));
	                                              (187) too few function arguments ^
	                                                            (194) ")" expected ^
	                                                       (195) expression syntax ^
	                                                        (195) expression syntax ^
  3759:	FCI_SHEAD(FCI_TMP_STR,(20), FCI_TOSTRS32(5, FCI_TMP_STR, (20)),20, FCI_TMP_STR,(20));
	               (357) illegal conversion of integer to pointer ^ (warning)
  3779:	FCI_SHEAD(FCI_TMP_STR,(20), FCI_FLOAT_TO_STRING(1.300000, 6, FCI_TMP_STR, (20));,20, FCI_TMP_STR,(20));
	                                              (187) too few function arguments ^
	                                                            (194) ")" expected ^
	                                                       (195) expression syntax ^
	                                                        (195) expression syntax ^
  3796:	FCI_SHEAD(FCI_TMP_STR,(20), FCI_TOSTRS32(6, FCI_TMP_STR, (20)),20, FCI_TMP_STR,(20));
	               (357) illegal conversion of integer to pointer ^ (warning)
  3816:	FCI_SHEAD(FCI_TMP_STR,(20), FCI_FLOAT_TO_STRING(0.500000, 6, FCI_TMP_STR, (20));,20, FCI_TMP_STR,(20));
	                                              (187) too few function arguments ^
	                                                            (194) ")" expected ^
	                                                       (195) expression syntax ^
	                                                        (195) expression syntax ^
  3833:	FCI_SHEAD(FCI_TMP_STR,(20), FCI_TOSTRS32(0, FCI_TMP_STR, (20)),20, FCI_TMP_STR,(20));
	               (357) illegal conversion of integer to pointer ^ (warning)
  3853:	FCI_SHEAD(FCI_TMP_STR,(20), FCI_FLOAT_TO_STRING(2.000000, 6, FCI_TMP_STR, (20));,20, FCI_TMP_STR,(20));
	                                              (187) too few function arguments ^
	                                                            (194) ")" expected ^
	                                                       (195) expression syntax ^
	                                                        (195) expression syntax ^
  3870:	FCI_SHEAD(FCI_TMP_STR,(20), FCI_TOSTRS32(9, FCI_TMP_STR, (20)),20, FCI_TMP_STR,(20));
	               (357) illegal conversion of integer to pointer ^ (warning)
  3943:	FCI_SHEAD("#define MX_RMT_BUFFER MX_RMT_Buffer_",37, FCI_TOSTRU16(FCL_COUNT, FCI_TMP_STR, (20)),20, FCI_TMP_STR,(20));
	                                                (357) illegal conversion of integer to pointer ^ (warning)
  3956:	FCI_SHEAD("#define ESP32_T0H ",19, FCI_TOSTRU16(FCL_COUNT, FCI_TMP_STR, (20)),20, FCI_TMP_STR,(20));
	                              (357) illegal conversion of integer to pointer ^ (warning)
  3969:	FCI_SHEAD("#define ESP32_T0L ",19, FCI_TOSTRU16(FCL_COUNT, FCI_TMP_STR, (20)),20, FCI_TMP_STR,(20));
	                              (357) illegal conversion of integer to pointer ^ (warning)
  3982:	FCI_SHEAD("#define ESP32_T1H ",19, FCI_TOSTRU16(FCL_COUNT, FCI_TMP_STR, (20)),20, FCI_TMP_STR,(20));
	                              (357) illegal conversion of integer to pointer ^ (warning)
  3995:	FCI_SHEAD("#define ESP32_T1L ",19, FCI_TOSTRU16(FCL_COUNT, FCI_TMP_STR, (20)),20, FCI_TMP_STR,(20));
	                              (357) illegal conversion of integer to pointer ^ (warning)
  4011:	FCI_SHEAD("\n\n//WS2811 Bit Timings\n\n//Data 1 High Pulse Timing : ",54, FCI_FLOAT_TO_STRING(1.200000, 6, FCI_TMP_STR, (20));,20, FCI_TMP_STR,(20));
	                                                                                            (187) too few function arguments ^
	                                                                                                          (194) ")" expected ^
	                                                                                                     (195) expression syntax ^
	                                                                                                      (195) expression syntax ^
  4013:	FCI_SHEAD(FCI_TMP_STR,(20), FCI_TOSTRS32(5, FCI_TMP_STR, (20)),20, FCI_TMP_STR,(20));
	               (357) illegal conversion of integer to pointer ^ (warning)
LED_WS2811.c: 4065: too many errors (21)
(908) exit status = 1
(908) exit status = 1

Error returned from [xc8.exe]

C:\ProgramData\MatrixTSL\FlowcodeV11\FCD\PIC\batch\pic_xc8_comp.bat reported error code 0x1

Autoclose turned off


FINISHED
